2025-11-25 11:48:34,783 - INFO - Starting ETL process...
2025-11-25 11:48:35,140 - ERROR - An error occurred during the ETL process: Failed to parse HTML structure. The website layout may have changed. Details: 'NoneType' object has no attribute 'find_parent'
Traceback (most recent call last):
  File "C:\Users\sandy\.vscode\gold-price-etl\src\scraper.py", line 23, in fetch_gold_price
    gold_bar_row = soup.find('td', string='黃金條塊').find_parent('tr')
                   ^^^^^^^^^^^^^^^^^^^^^^^^^^^^^^^^^^^^^^^^^^^^^^
AttributeError: 'NoneType' object has no attribute 'find_parent'

The above exception was the direct cause of the following exception:

Traceback (most recent call last):
  File "C:\Users\sandy\.vscode\gold-price-etl\main.py", line 38, in main
    raw_price = fetch_gold_price()
  File "C:\Users\sandy\.vscode\gold-price-etl\src\scraper.py", line 35, in fetch_gold_price
    raise ValueError(f"Failed to parse HTML structure. The website layout may have changed. Details: {e}") from e
ValueError: Failed to parse HTML structure. The website layout may have changed. Details: 'NoneType' object has no attribute 'find_parent'
2025-11-25 12:03:59,471 - INFO - Starting ETL process...
2025-11-25 12:04:00,935 - ERROR - An error occurred during the ETL process: Failed to parse HTML structure. The website layout may have changed. Details: Could not find the '黃金條塊' row in the price table.
Traceback (most recent call last):
  File "c:\Users\sandy\.vscode\gold-price-etl\src\scraper.py", line 27, in fetch_gold_price
    raise ValueError("Could not find the '黃金條塊' row in the price table.")
ValueError: Could not find the '黃金條塊' row in the price table.

The above exception was the direct cause of the following exception:

Traceback (most recent call last):
  File "c:\Users\sandy\.vscode\gold-price-etl\main.py", line 38, in main
    raw_price = fetch_gold_price()
  File "c:\Users\sandy\.vscode\gold-price-etl\src\scraper.py", line 43, in fetch_gold_price
    raise ValueError(f"Failed to parse HTML structure. The website layout may have changed. Details: {e}") from e
ValueError: Failed to parse HTML structure. The website layout may have changed. Details: Could not find the '黃金條塊' row in the price table.
2025-11-25 12:04:09,429 - INFO - Starting ETL process...
2025-11-25 12:04:09,862 - ERROR - An error occurred during the ETL process: Failed to parse HTML structure. The website layout may have changed. Details: Could not find the '黃金條塊' row in the price table.
Traceback (most recent call last):
  File "c:\Users\sandy\.vscode\gold-price-etl\src\scraper.py", line 27, in fetch_gold_price
    raise ValueError("Could not find the '黃金條塊' row in the price table.")
ValueError: Could not find the '黃金條塊' row in the price table.

The above exception was the direct cause of the following exception:

Traceback (most recent call last):
  File "c:\Users\sandy\.vscode\gold-price-etl\main.py", line 38, in main
    raw_price = fetch_gold_price()
  File "c:\Users\sandy\.vscode\gold-price-etl\src\scraper.py", line 43, in fetch_gold_price
    raise ValueError(f"Failed to parse HTML structure. The website layout may have changed. Details: {e}") from e
ValueError: Failed to parse HTML structure. The website layout may have changed. Details: Could not find the '黃金條塊' row in the price table.
2025-11-25 12:08:11,939 - INFO - Starting ETL process...
2025-11-25 12:08:12,297 - ERROR - An error occurred during the ETL process: Failed to parse HTML structure. The website layout may have changed. Details: Could not find the '黃金條塊' row in the price table.
Traceback (most recent call last):
  File "c:\Users\sandy\.vscode\gold-price-etl\src\scraper.py", line 27, in fetch_gold_price
    raise ValueError("Could not find the '黃金條塊' row in the price table.")
ValueError: Could not find the '黃金條塊' row in the price table.

The above exception was the direct cause of the following exception:

Traceback (most recent call last):
  File "c:\Users\sandy\.vscode\gold-price-etl\main.py", line 38, in main
    raw_price = fetch_gold_price()
  File "c:\Users\sandy\.vscode\gold-price-etl\src\scraper.py", line 42, in fetch_gold_price
    raise ValueError(f"Failed to parse HTML structure. The website layout may have changed. Details: {e}") from e
ValueError: Failed to parse HTML structure. The website layout may have changed. Details: Could not find the '黃金條塊' row in the price table.
2025-11-25 12:08:21,843 - INFO - Starting ETL process...
2025-11-25 12:08:22,370 - ERROR - An error occurred during the ETL process: Failed to parse HTML structure. The website layout may have changed. Details: Could not find the '黃金條塊' row in the price table.
Traceback (most recent call last):
  File "c:\Users\sandy\.vscode\gold-price-etl\src\scraper.py", line 27, in fetch_gold_price
    raise ValueError("Could not find the '黃金條塊' row in the price table.")
ValueError: Could not find the '黃金條塊' row in the price table.

The above exception was the direct cause of the following exception:

Traceback (most recent call last):
  File "c:\Users\sandy\.vscode\gold-price-etl\main.py", line 38, in main
    raw_price = fetch_gold_price()
  File "c:\Users\sandy\.vscode\gold-price-etl\src\scraper.py", line 42, in fetch_gold_price
    raise ValueError(f"Failed to parse HTML structure. The website layout may have changed. Details: {e}") from e
ValueError: Failed to parse HTML structure. The website layout may have changed. Details: Could not find the '黃金條塊' row in the price table.
2025-11-25 12:29:13,066 - INFO - Starting ETL process...
2025-11-25 12:29:13,946 - ERROR - An error occurred during the ETL process: Failed to parse HTML structure. The website layout may have changed. Details: Could not find the '黃金條塊' row in the price table.
Traceback (most recent call last):
  File "c:\Users\sandy\.vscode\gold-price-etl\src\scraper.py", line 30, in fetch_gold_price
    raise ValueError("Could not find the '黃金條塊' row in the price table.")
ValueError: Could not find the '黃金條塊' row in the price table.

The above exception was the direct cause of the following exception:

Traceback (most recent call last):
  File "c:\Users\sandy\.vscode\gold-price-etl\main.py", line 38, in main
    raw_price = fetch_gold_price()
  File "c:\Users\sandy\.vscode\gold-price-etl\src\scraper.py", line 45, in fetch_gold_price
    raise ValueError(f"Failed to parse HTML structure. The website layout may have changed. Details: {e}") from e
ValueError: Failed to parse HTML structure. The website layout may have changed. Details: Could not find the '黃金條塊' row in the price table.
2025-11-26 01:12:22,900 - INFO - Starting ETL process...
2025-11-26 01:12:24,336 - INFO - Successfully fetched raw data: {'bank_selling': '4209', 'bank_buying': '4163'}
2025-11-26 01:12:24,337 - INFO - Data validation result: Prices={'bank_selling_price': 4209.0, 'bank_buying_price': 4163.0}, Status=OK
2025-11-26 01:12:24,337 - ERROR - An error occurred during the ETL process: table gold_prices has no column named bank_selling_price
Traceback (most recent call last):
  File "/home/runner/work/gold-price-etl/gold-price-etl/main.py", line 49, in main
    db_manager.insert_price(
  File "/home/runner/work/gold-price-etl/gold-price-etl/src/db_manager.py", line 49, in insert_price
    cursor.execute(
sqlite3.OperationalError: table gold_prices has no column named bank_selling_price
2025-11-26 01:19:58,708 - INFO - Starting ETL process...
2025-11-26 01:19:59,711 - INFO - Successfully fetched raw data: {'bank_selling': '4208', 'bank_buying': '4162'}
2025-11-26 01:19:59,712 - INFO - Data validation result: Prices={'bank_selling_price': 4208.0, 'bank_buying_price': 4162.0}, Status=OK
2025-11-26 01:19:59,712 - ERROR - An error occurred during the ETL process: table gold_prices has no column named bank_selling_price
Traceback (most recent call last):
  File "/home/runner/work/gold-price-etl/gold-price-etl/main.py", line 49, in main
    db_manager.insert_price(
  File "/home/runner/work/gold-price-etl/gold-price-etl/src/db_manager.py", line 49, in insert_price
    cursor.execute(
sqlite3.OperationalError: table gold_prices has no column named bank_selling_price
2025-11-26 01:29:10,197 - INFO - Starting ETL process...
2025-11-26 01:29:10,990 - INFO - Successfully fetched raw data: {'bank_selling': '4208', 'bank_buying': '4162'}
2025-11-26 01:29:10,990 - INFO - Data validation result: Prices={'bank_selling_price': 4208.0, 'bank_buying_price': 4162.0}, Status=OK
2025-11-26 01:29:10,992 - INFO - Successfully inserted data into the database.
2025-11-26 03:13:57,867 - INFO - Starting ETL process...
2025-11-26 03:13:58,637 - INFO - Successfully fetched raw data: {'bank_selling': '4220', 'bank_buying': '4174'}
2025-11-26 03:13:58,637 - INFO - Data validation result: Prices={'bank_selling_price': 4220.0, 'bank_buying_price': 4174.0}, Status=OK
2025-11-26 03:13:58,638 - INFO - Successfully inserted data into the database.
2025-11-26 04:24:50,321 - INFO - Starting ETL process...
2025-11-26 04:24:51,129 - INFO - Successfully fetched raw data: {'bank_selling': '4214', 'bank_buying': '4168'}
2025-11-26 04:24:51,129 - INFO - Data validation result: Prices={'bank_selling_price': 4214.0, 'bank_buying_price': 4168.0}, Status=OK
2025-11-26 04:24:51,131 - INFO - Successfully inserted data into the database.
2025-11-26 05:18:29,271 - INFO - Starting ETL process...
2025-11-26 05:18:30,519 - INFO - Successfully fetched raw data: {'bank_selling': '4217', 'bank_buying': '4171'}
2025-11-26 05:18:30,519 - INFO - Data validation result: Prices={'bank_selling_price': 4217.0, 'bank_buying_price': 4171.0}, Status=OK
2025-11-26 05:18:30,523 - INFO - Successfully inserted data into the database.
2025-11-26 06:29:32,245 - INFO - Starting ETL process...
2025-11-26 06:29:33,179 - INFO - Successfully fetched raw data: {'bank_selling': '4209', 'bank_buying': '4163'}
2025-11-26 06:29:33,180 - INFO - Data validation result: Prices={'bank_selling_price': 4209.0, 'bank_buying_price': 4163.0}, Status=OK
2025-11-26 06:29:33,182 - INFO - Successfully inserted data into the database.
2025-11-26 07:18:21,377 - INFO - Starting ETL process...
2025-11-26 07:18:22,290 - INFO - Successfully fetched raw data: {'bank_selling': '4208', 'bank_buying': '4162'}
2025-11-26 07:18:22,291 - INFO - Data validation result: Prices={'bank_selling_price': 4208.0, 'bank_buying_price': 4162.0}, Status=OK
2025-11-26 07:18:22,293 - INFO - Successfully inserted data into the database.
2025-11-26 08:26:14,233 - INFO - Starting ETL process...
2025-11-26 08:26:14,709 - INFO - Successfully fetched raw data: {'bank_selling': '4221', 'bank_buying': '4171'}
2025-11-26 08:26:14,709 - INFO - Data validation result: Prices={'bank_selling_price': 4221.0, 'bank_buying_price': 4171.0}, Status=OK
2025-11-26 08:26:14,711 - INFO - Successfully inserted data into the database.
2025-11-26 09:21:33,382 - INFO - Starting ETL process...
2025-11-26 09:21:33,813 - INFO - Successfully fetched raw data: {'bank_selling': '4217', 'bank_buying': '4167'}
2025-11-26 09:21:33,813 - INFO - Data validation result: Prices={'bank_selling_price': 4217.0, 'bank_buying_price': 4167.0}, Status=OK
2025-11-26 09:21:33,815 - INFO - Successfully inserted data into the database.
2025-11-26 10:21:45,221 - INFO - Starting ETL process...
2025-11-26 10:21:45,618 - INFO - Successfully fetched raw data: {'bank_selling': '4218', 'bank_buying': '4168'}
2025-11-26 10:21:45,618 - INFO - Data validation result: Prices={'bank_selling_price': 4218.0, 'bank_buying_price': 4168.0}, Status=OK
2025-11-26 10:21:45,620 - INFO - Successfully inserted data into the database.
2025-11-26 11:16:52,447 - INFO - Starting ETL process...
2025-11-26 11:16:52,890 - INFO - Successfully fetched raw data: {'bank_selling': '4212', 'bank_buying': '4162'}
2025-11-26 11:16:52,891 - INFO - Data validation result: Prices={'bank_selling_price': 4212.0, 'bank_buying_price': 4162.0}, Status=OK
2025-11-26 11:16:52,892 - INFO - Successfully inserted data into the database.
2025-11-26 12:40:32,260 - INFO - Starting ETL process...
2025-11-26 12:40:32,854 - INFO - Successfully fetched raw data: {'bank_selling': '4224', 'bank_buying': '4174'}
2025-11-26 12:40:32,854 - INFO - Data validation result: Prices={'bank_selling_price': 4224.0, 'bank_buying_price': 4174.0}, Status=OK
2025-11-26 12:40:32,855 - INFO - Successfully inserted data into the database.
2025-11-26 13:33:28,991 - INFO - Starting ETL process...
2025-11-26 13:33:29,494 - INFO - Successfully fetched raw data: {'bank_selling': '4224', 'bank_buying': '4174'}
2025-11-26 13:33:29,494 - INFO - Data validation result: Prices={'bank_selling_price': 4224.0, 'bank_buying_price': 4174.0}, Status=OK
2025-11-26 13:33:29,496 - INFO - Successfully inserted data into the database.
2025-11-26 14:19:47,691 - INFO - Starting ETL process...
2025-11-26 14:19:48,203 - INFO - Successfully fetched raw data: {'bank_selling': '4224', 'bank_buying': '4174'}
2025-11-26 14:19:48,203 - INFO - Data validation result: Prices={'bank_selling_price': 4224.0, 'bank_buying_price': 4174.0}, Status=OK
2025-11-26 14:19:48,204 - INFO - Successfully inserted data into the database.
2025-11-26 15:18:07,838 - INFO - Starting ETL process...
2025-11-26 15:18:08,414 - INFO - Successfully fetched raw data: {'bank_selling': '4224', 'bank_buying': '4174'}
2025-11-26 15:18:08,415 - INFO - Data validation result: Prices={'bank_selling_price': 4224.0, 'bank_buying_price': 4174.0}, Status=OK
2025-11-26 15:18:08,416 - INFO - Successfully inserted data into the database.
2025-11-26 16:24:02,347 - INFO - Starting ETL process...
2025-11-26 16:24:02,710 - INFO - Successfully fetched raw data: {'bank_selling': '4224', 'bank_buying': '4174'}
2025-11-26 16:24:02,710 - INFO - Data validation result: Prices={'bank_selling_price': 4224.0, 'bank_buying_price': 4174.0}, Status=OK
2025-11-26 16:24:02,712 - INFO - Successfully inserted data into the database.
2025-11-26 17:17:29,510 - INFO - Starting ETL process...
2025-11-26 17:17:29,935 - INFO - Successfully fetched raw data: {'bank_selling': '4224', 'bank_buying': '4174'}
2025-11-26 17:17:29,935 - INFO - Data validation result: Prices={'bank_selling_price': 4224.0, 'bank_buying_price': 4174.0}, Status=OK
2025-11-26 17:17:29,938 - INFO - Successfully inserted data into the database.
2025-11-26 17:23:27,489 - INFO - Starting ETL process...
2025-11-26 17:23:28,848 - INFO - Successfully fetched raw data: {'bank_selling': '4224', 'bank_buying': '4174'}
2025-11-26 17:23:28,848 - INFO - Data validation result: Prices={'bank_selling_price': 4224.0, 'bank_buying_price': 4174.0}, Status=OK
2025-11-26 17:23:28,851 - INFO - Successfully inserted data into the database.
2025-11-26 18:24:17,284 - INFO - Starting ETL process...
2025-11-26 18:24:17,791 - INFO - Successfully fetched raw data: {'bank_selling': '4224', 'bank_buying': '4174'}
2025-11-26 18:24:17,791 - INFO - Data validation result: Prices={'bank_selling_price': 4224.0, 'bank_buying_price': 4174.0}, Status=OK
2025-11-26 18:24:17,794 - INFO - Successfully inserted data into the database.
2025-11-26 19:14:47,514 - INFO - Starting ETL process...
2025-11-26 19:14:47,933 - INFO - Successfully fetched raw data: {'bank_selling': '4224', 'bank_buying': '4174'}
2025-11-26 19:14:47,933 - INFO - Data validation result: Prices={'bank_selling_price': 4224.0, 'bank_buying_price': 4174.0}, Status=OK
2025-11-26 19:14:47,936 - INFO - Successfully inserted data into the database.
2025-11-26 20:20:30,025 - INFO - Starting ETL process...
2025-11-26 20:20:31,588 - INFO - Successfully fetched raw data: {'bank_selling': '4224', 'bank_buying': '4174'}
2025-11-26 20:20:31,588 - INFO - Data validation result: Prices={'bank_selling_price': 4224.0, 'bank_buying_price': 4174.0}, Status=OK
2025-11-26 20:20:31,590 - INFO - Successfully inserted data into the database.
2025-11-26 21:16:46,854 - INFO - Starting ETL process...
2025-11-26 21:16:48,031 - INFO - Successfully fetched raw data: {'bank_selling': '4224', 'bank_buying': '4174'}
2025-11-26 21:16:48,032 - INFO - Data validation result: Prices={'bank_selling_price': 4224.0, 'bank_buying_price': 4174.0}, Status=OK
2025-11-26 21:16:48,034 - INFO - Successfully inserted data into the database.
2025-11-26 22:17:54,400 - INFO - Starting ETL process...
2025-11-26 22:17:55,114 - INFO - Successfully fetched raw data: {'bank_selling': '4224', 'bank_buying': '4174'}
2025-11-26 22:17:55,114 - INFO - Data validation result: Prices={'bank_selling_price': 4224.0, 'bank_buying_price': 4174.0}, Status=OK
2025-11-26 22:17:55,117 - INFO - Successfully inserted data into the database.
2025-11-26 23:17:19,335 - INFO - Starting ETL process...
2025-11-26 23:17:20,691 - INFO - Successfully fetched raw data: {'bank_selling': '4224', 'bank_buying': '4174'}
2025-11-26 23:17:20,691 - INFO - Data validation result: Prices={'bank_selling_price': 4224.0, 'bank_buying_price': 4174.0}, Status=OK
2025-11-26 23:17:20,694 - INFO - Successfully inserted data into the database.
2025-11-27 01:22:30,967 - INFO - Starting ETL process...
2025-11-27 01:22:31,704 - INFO - Successfully fetched raw data: {'bank_selling': '4212', 'bank_buying': '4166'}
2025-11-27 01:22:31,705 - INFO - Data validation result: Prices={'bank_selling_price': 4212.0, 'bank_buying_price': 4166.0}, Status=OK
2025-11-27 01:22:31,707 - INFO - Successfully inserted data into the database.
2025-11-27 03:10:24,507 - INFO - Starting ETL process...
2025-11-27 03:10:25,207 - INFO - Successfully fetched raw data: {'bank_selling': '4199', 'bank_buying': '4153'}
2025-11-27 03:10:25,207 - INFO - Data validation result: Prices={'bank_selling_price': 4199.0, 'bank_buying_price': 4153.0}, Status=OK
2025-11-27 03:10:25,210 - INFO - Successfully inserted data into the database.
2025-11-27 04:22:57,341 - INFO - Starting ETL process...
2025-11-27 04:22:58,094 - INFO - Successfully fetched raw data: {'bank_selling': '4201', 'bank_buying': '4155'}
2025-11-27 04:22:58,094 - INFO - Data validation result: Prices={'bank_selling_price': 4201.0, 'bank_buying_price': 4155.0}, Status=OK
2025-11-27 04:22:58,097 - INFO - Successfully inserted data into the database.
2025-11-27 05:19:26,054 - INFO - Starting ETL process...
2025-11-27 05:19:27,102 - INFO - Successfully fetched raw data: {'bank_selling': '4205', 'bank_buying': '4159'}
2025-11-27 05:19:27,103 - INFO - Data validation result: Prices={'bank_selling_price': 4205.0, 'bank_buying_price': 4159.0}, Status=OK
2025-11-27 05:19:27,106 - INFO - Successfully inserted data into the database.
2025-11-27 06:29:58,744 - INFO - Starting ETL process...
2025-11-27 06:29:59,563 - INFO - Successfully fetched raw data: {'bank_selling': '4204', 'bank_buying': '4158'}
2025-11-27 06:29:59,564 - INFO - Data validation result: Prices={'bank_selling_price': 4204.0, 'bank_buying_price': 4158.0}, Status=OK
2025-11-27 06:29:59,566 - INFO - Successfully inserted data into the database.
2025-11-27 07:19:28,330 - INFO - Starting ETL process...
2025-11-27 07:19:28,924 - INFO - Successfully fetched raw data: {'bank_selling': '4209', 'bank_buying': '4163'}
2025-11-27 07:19:28,924 - INFO - Data validation result: Prices={'bank_selling_price': 4209.0, 'bank_buying_price': 4163.0}, Status=OK
2025-11-27 07:19:28,927 - INFO - Successfully inserted data into the database.
2025-11-27 08:26:44,690 - INFO - Starting ETL process...
2025-11-27 08:26:45,147 - INFO - Successfully fetched raw data: {'bank_selling': '4217', 'bank_buying': '4167'}
2025-11-27 08:26:45,148 - INFO - Data validation result: Prices={'bank_selling_price': 4217.0, 'bank_buying_price': 4167.0}, Status=OK
2025-11-27 08:26:45,150 - INFO - Successfully inserted data into the database.
2025-11-27 09:21:23,889 - INFO - Starting ETL process...
2025-11-27 09:21:24,422 - INFO - Successfully fetched raw data: {'bank_selling': '4208', 'bank_buying': '4158'}
2025-11-27 09:21:24,422 - INFO - Data validation result: Prices={'bank_selling_price': 4208.0, 'bank_buying_price': 4158.0}, Status=OK
2025-11-27 09:21:24,424 - INFO - Successfully inserted data into the database.
2025-11-27 10:21:35,421 - INFO - Starting ETL process...
2025-11-27 10:21:35,873 - INFO - Successfully fetched raw data: {'bank_selling': '4212', 'bank_buying': '4162'}
2025-11-27 10:21:35,873 - INFO - Data validation result: Prices={'bank_selling_price': 4212.0, 'bank_buying_price': 4162.0}, Status=OK
2025-11-27 10:21:35,876 - INFO - Successfully inserted data into the database.
2025-11-27 11:17:06,329 - INFO - Starting ETL process...
2025-11-27 11:17:06,926 - INFO - Successfully fetched raw data: {'bank_selling': '4211', 'bank_buying': '4161'}
2025-11-27 11:17:06,927 - INFO - Data validation result: Prices={'bank_selling_price': 4211.0, 'bank_buying_price': 4161.0}, Status=OK
2025-11-27 11:17:06,930 - INFO - Successfully inserted data into the database.
2025-11-27 12:39:45,326 - INFO - Starting ETL process...
2025-11-27 12:39:45,911 - INFO - Successfully fetched raw data: {'bank_selling': '4212', 'bank_buying': '4162'}
2025-11-27 12:39:45,911 - INFO - Data validation result: Prices={'bank_selling_price': 4212.0, 'bank_buying_price': 4162.0}, Status=OK
2025-11-27 12:39:45,916 - INFO - Successfully inserted data into the database.
2025-11-27 13:30:59,565 - INFO - Starting ETL process...
2025-11-27 13:31:00,220 - INFO - Successfully fetched raw data: {'bank_selling': '4212', 'bank_buying': '4162'}
2025-11-27 13:31:00,220 - INFO - Data validation result: Prices={'bank_selling_price': 4212.0, 'bank_buying_price': 4162.0}, Status=OK
2025-11-27 13:31:00,223 - INFO - Successfully inserted data into the database.
2025-11-27 15:19:22,847 - INFO - Starting ETL process...
2025-11-27 15:19:23,315 - INFO - Successfully fetched raw data: {'bank_selling': '4212', 'bank_buying': '4162'}
2025-11-27 15:19:23,315 - INFO - Data validation result: Prices={'bank_selling_price': 4212.0, 'bank_buying_price': 4162.0}, Status=OK
2025-11-27 15:19:23,322 - INFO - Successfully inserted data into the database.
2025-11-27 16:22:53,974 - INFO - Starting ETL process...
2025-11-27 16:22:54,530 - INFO - Successfully fetched raw data: {'bank_selling': '4212', 'bank_buying': '4162'}
2025-11-27 16:22:54,530 - INFO - Data validation result: Prices={'bank_selling_price': 4212.0, 'bank_buying_price': 4162.0}, Status=OK
2025-11-27 16:22:54,533 - INFO - Successfully inserted data into the database.
2025-11-27 17:15:52,834 - INFO - Starting ETL process...
2025-11-27 17:15:53,241 - INFO - Successfully fetched raw data: {'bank_selling': '4212', 'bank_buying': '4162'}
2025-11-27 17:15:53,242 - INFO - Data validation result: Prices={'bank_selling_price': 4212.0, 'bank_buying_price': 4162.0}, Status=OK
2025-11-27 17:15:53,250 - INFO - Successfully inserted data into the database.
2025-11-27 18:25:58,432 - INFO - Starting ETL process...
2025-11-27 18:25:58,921 - INFO - Successfully fetched raw data: {'bank_selling': '4212', 'bank_buying': '4162'}
2025-11-27 18:25:58,921 - INFO - Data validation result: Prices={'bank_selling_price': 4212.0, 'bank_buying_price': 4162.0}, Status=OK
2025-11-27 18:25:58,927 - INFO - Successfully inserted data into the database.
2025-11-27 19:14:42,937 - INFO - Starting ETL process...
2025-11-27 19:14:44,241 - INFO - Successfully fetched raw data: {'bank_selling': '4212', 'bank_buying': '4162'}
2025-11-27 19:14:44,242 - INFO - Data validation result: Prices={'bank_selling_price': 4212.0, 'bank_buying_price': 4162.0}, Status=OK
2025-11-27 19:14:44,265 - INFO - Successfully inserted data into the database.
2025-11-27 20:18:38,188 - INFO - Starting ETL process...
2025-11-27 20:18:38,758 - INFO - Successfully fetched raw data: {'bank_selling': '4212', 'bank_buying': '4162'}
2025-11-27 20:18:38,758 - INFO - Data validation result: Prices={'bank_selling_price': 4212.0, 'bank_buying_price': 4162.0}, Status=OK
2025-11-27 20:18:38,761 - INFO - Successfully inserted data into the database.
2025-11-27 21:16:43,519 - INFO - Starting ETL process...
2025-11-27 21:16:43,864 - INFO - Successfully fetched raw data: {'bank_selling': '4212', 'bank_buying': '4162'}
2025-11-27 21:16:43,864 - INFO - Data validation result: Prices={'bank_selling_price': 4212.0, 'bank_buying_price': 4162.0}, Status=OK
2025-11-27 21:16:43,871 - INFO - Successfully inserted data into the database.
2025-11-27 22:17:29,655 - INFO - Starting ETL process...
2025-11-27 22:17:30,009 - INFO - Successfully fetched raw data: {'bank_selling': '4212', 'bank_buying': '4162'}
2025-11-27 22:17:30,009 - INFO - Data validation result: Prices={'bank_selling_price': 4212.0, 'bank_buying_price': 4162.0}, Status=OK
2025-11-27 22:17:30,016 - INFO - Successfully inserted data into the database.
2025-11-27 23:17:11,959 - INFO - Starting ETL process...
2025-11-27 23:17:12,487 - INFO - Successfully fetched raw data: {'bank_selling': '4212', 'bank_buying': '4162'}
2025-11-27 23:17:12,487 - INFO - Data validation result: Prices={'bank_selling_price': 4212.0, 'bank_buying_price': 4162.0}, Status=OK
2025-11-27 23:17:12,490 - INFO - Successfully inserted data into the database.
2025-11-28 01:21:52,223 - INFO - Starting ETL process...
2025-11-28 01:21:53,103 - INFO - Successfully fetched raw data: {'bank_selling': '4244', 'bank_buying': '4198'}
2025-11-28 01:21:53,103 - INFO - Data validation result: Prices={'bank_selling_price': 4244.0, 'bank_buying_price': 4198.0}, Status=OK
2025-11-28 01:21:53,106 - INFO - Successfully inserted data into the database.
2025-11-28 03:10:04,623 - INFO - Starting ETL process...
2025-11-28 03:10:06,185 - INFO - Successfully fetched raw data: {'bank_selling': '4243', 'bank_buying': '4197'}
2025-11-28 03:10:06,185 - INFO - Data validation result: Prices={'bank_selling_price': 4243.0, 'bank_buying_price': 4197.0}, Status=OK
2025-11-28 03:10:06,192 - INFO - Successfully inserted data into the database.
2025-11-28 04:22:49,799 - INFO - Starting ETL process...
2025-11-28 04:22:50,543 - INFO - Successfully fetched raw data: {'bank_selling': '4239', 'bank_buying': '4193'}
2025-11-28 04:22:50,544 - INFO - Data validation result: Prices={'bank_selling_price': 4239.0, 'bank_buying_price': 4193.0}, Status=OK
2025-11-28 04:22:50,552 - INFO - Successfully inserted data into the database.
2025-11-28 05:19:15,103 - INFO - Starting ETL process...
2025-11-28 05:19:15,820 - INFO - Successfully fetched raw data: {'bank_selling': '4235', 'bank_buying': '4189'}
2025-11-28 05:19:15,821 - INFO - Data validation result: Prices={'bank_selling_price': 4235.0, 'bank_buying_price': 4189.0}, Status=OK
2025-11-28 05:19:15,828 - INFO - Successfully inserted data into the database.
2025-11-28 06:29:32,437 - INFO - Starting ETL process...
2025-11-28 06:29:33,266 - INFO - Successfully fetched raw data: {'bank_selling': '4239', 'bank_buying': '4193'}
2025-11-28 06:29:33,266 - INFO - Data validation result: Prices={'bank_selling_price': 4239.0, 'bank_buying_price': 4193.0}, Status=OK
2025-11-28 06:29:33,271 - INFO - Successfully inserted data into the database.
2025-11-28 07:18:50,745 - INFO - Starting ETL process...
2025-11-28 07:18:51,565 - INFO - Successfully fetched raw data: {'bank_selling': '4246', 'bank_buying': '4200'}
2025-11-28 07:18:51,566 - INFO - Data validation result: Prices={'bank_selling_price': 4246.0, 'bank_buying_price': 4200.0}, Status=OK
2025-11-28 07:18:51,573 - INFO - Successfully inserted data into the database.
2025-11-28 08:26:23,600 - INFO - Starting ETL process...
2025-11-28 08:26:24,716 - INFO - Successfully fetched raw data: {'bank_selling': '4234', 'bank_buying': '4184'}
2025-11-28 08:26:24,716 - INFO - Data validation result: Prices={'bank_selling_price': 4234.0, 'bank_buying_price': 4184.0}, Status=OK
2025-11-28 08:26:24,724 - INFO - Successfully inserted data into the database.
2025-11-28 09:20:10,214 - INFO - Starting ETL process...
2025-11-28 09:20:10,607 - INFO - Successfully fetched raw data: {'bank_selling': '4231', 'bank_buying': '4181'}
2025-11-28 09:20:10,608 - INFO - Data validation result: Prices={'bank_selling_price': 4231.0, 'bank_buying_price': 4181.0}, Status=OK
2025-11-28 09:20:10,612 - INFO - Successfully inserted data into the database.
2025-11-28 10:21:10,719 - INFO - Starting ETL process...
2025-11-28 10:21:11,359 - INFO - Successfully fetched raw data: {'bank_selling': '4236', 'bank_buying': '4186'}
2025-11-28 10:21:11,359 - INFO - Data validation result: Prices={'bank_selling_price': 4236.0, 'bank_buying_price': 4186.0}, Status=OK
2025-11-28 10:21:11,363 - INFO - Successfully inserted data into the database.
2025-11-28 11:17:03,851 - INFO - Starting ETL process...
2025-11-28 11:17:04,607 - INFO - Successfully fetched raw data: {'bank_selling': '4235', 'bank_buying': '4185'}
2025-11-28 11:17:04,607 - INFO - Data validation result: Prices={'bank_selling_price': 4235.0, 'bank_buying_price': 4185.0}, Status=OK
2025-11-28 11:17:04,609 - INFO - Successfully inserted data into the database.
2025-11-28 12:38:17,434 - INFO - Starting ETL process...
2025-11-28 12:38:18,736 - INFO - Successfully fetched raw data: {'bank_selling': '4236', 'bank_buying': '4186'}
2025-11-28 12:38:18,736 - INFO - Data validation result: Prices={'bank_selling_price': 4236.0, 'bank_buying_price': 4186.0}, Status=OK
2025-11-28 12:38:18,740 - INFO - Successfully inserted data into the database.
2025-11-28 13:29:43,388 - INFO - Starting ETL process...
2025-11-28 13:29:43,912 - INFO - Successfully fetched raw data: {'bank_selling': '4236', 'bank_buying': '4186'}
2025-11-28 13:29:43,912 - INFO - Data validation result: Prices={'bank_selling_price': 4236.0, 'bank_buying_price': 4186.0}, Status=OK
2025-11-28 13:29:43,919 - INFO - Successfully inserted data into the database.
2025-11-28 14:18:43,359 - INFO - Starting ETL process...
2025-11-28 14:18:44,781 - INFO - Successfully fetched raw data: {'bank_selling': '4236', 'bank_buying': '4186'}
2025-11-28 14:18:44,781 - INFO - Data validation result: Prices={'bank_selling_price': 4236.0, 'bank_buying_price': 4186.0}, Status=OK
2025-11-28 14:18:44,788 - INFO - Successfully inserted data into the database.
2025-11-28 15:19:18,728 - INFO - Starting ETL process...
2025-11-28 15:19:19,229 - INFO - Successfully fetched raw data: {'bank_selling': '4236', 'bank_buying': '4186'}
2025-11-28 15:19:19,229 - INFO - Data validation result: Prices={'bank_selling_price': 4236.0, 'bank_buying_price': 4186.0}, Status=OK
2025-11-28 15:19:19,236 - INFO - Successfully inserted data into the database.
2025-11-28 16:23:43,666 - INFO - Starting ETL process...
2025-11-28 16:23:44,658 - INFO - Successfully fetched raw data: {'bank_selling': '4236', 'bank_buying': '4186'}
2025-11-28 16:23:44,659 - INFO - Data validation result: Prices={'bank_selling_price': 4236.0, 'bank_buying_price': 4186.0}, Status=OK
2025-11-28 16:23:44,662 - INFO - Successfully inserted data into the database.
2025-11-28 17:16:16,468 - INFO - Starting ETL process...
2025-11-28 17:16:16,928 - INFO - Successfully fetched raw data: {'bank_selling': '4236', 'bank_buying': '4186'}
2025-11-28 17:16:16,929 - INFO - Data validation result: Prices={'bank_selling_price': 4236.0, 'bank_buying_price': 4186.0}, Status=OK
2025-11-28 17:16:16,937 - INFO - Successfully inserted data into the database.
2025-11-28 18:26:26,715 - INFO - Starting ETL process...
2025-11-28 18:26:27,269 - INFO - Successfully fetched raw data: {'bank_selling': '4236', 'bank_buying': '4186'}
2025-11-28 18:26:27,269 - INFO - Data validation result: Prices={'bank_selling_price': 4236.0, 'bank_buying_price': 4186.0}, Status=OK
2025-11-28 18:26:27,278 - INFO - Successfully inserted data into the database.
2025-11-28 19:14:22,610 - INFO - Starting ETL process...
2025-11-28 19:14:23,082 - INFO - Successfully fetched raw data: {'bank_selling': '4236', 'bank_buying': '4186'}
2025-11-28 19:14:23,082 - INFO - Data validation result: Prices={'bank_selling_price': 4236.0, 'bank_buying_price': 4186.0}, Status=OK
2025-11-28 19:14:23,098 - INFO - Successfully inserted data into the database.
2025-11-28 20:20:40,031 - INFO - Starting ETL process...
2025-11-28 20:20:40,368 - INFO - Successfully fetched raw data: {'bank_selling': '4236', 'bank_buying': '4186'}
2025-11-28 20:20:40,369 - INFO - Data validation result: Prices={'bank_selling_price': 4236.0, 'bank_buying_price': 4186.0}, Status=OK
2025-11-28 20:20:40,374 - INFO - Successfully inserted data into the database.
2025-11-28 21:16:12,881 - INFO - Starting ETL process...
2025-11-28 21:16:14,094 - INFO - Successfully fetched raw data: {'bank_selling': '4236', 'bank_buying': '4186'}
2025-11-28 21:16:14,095 - INFO - Data validation result: Prices={'bank_selling_price': 4236.0, 'bank_buying_price': 4186.0}, Status=OK
2025-11-28 21:16:14,101 - INFO - Successfully inserted data into the database.
2025-11-28 22:16:55,726 - INFO - Starting ETL process...
2025-11-28 22:16:57,019 - INFO - Successfully fetched raw data: {'bank_selling': '4236', 'bank_buying': '4186'}
2025-11-28 22:16:57,019 - INFO - Data validation result: Prices={'bank_selling_price': 4236.0, 'bank_buying_price': 4186.0}, Status=OK
2025-11-28 22:16:57,026 - INFO - Successfully inserted data into the database.
2025-11-28 23:17:04,384 - INFO - Starting ETL process...
2025-11-28 23:17:04,862 - INFO - Successfully fetched raw data: {'bank_selling': '4236', 'bank_buying': '4186'}
2025-11-28 23:17:04,862 - INFO - Data validation result: Prices={'bank_selling_price': 4236.0, 'bank_buying_price': 4186.0}, Status=OK
2025-11-28 23:17:04,869 - INFO - Successfully inserted data into the database.
2025-11-29 01:22:18,061 - INFO - Starting ETL process...
2025-11-29 01:22:18,585 - INFO - Successfully fetched raw data: {'bank_selling': '4236', 'bank_buying': '4186'}
2025-11-29 01:22:18,585 - INFO - Data validation result: Prices={'bank_selling_price': 4236.0, 'bank_buying_price': 4186.0}, Status=OK
2025-11-29 01:22:18,588 - INFO - Successfully inserted data into the database.
2025-11-29 03:10:38,495 - INFO - Starting ETL process...
2025-11-29 03:10:39,132 - INFO - Successfully fetched raw data: {'bank_selling': '4236', 'bank_buying': '4186'}
2025-11-29 03:10:39,132 - INFO - Data validation result: Prices={'bank_selling_price': 4236.0, 'bank_buying_price': 4186.0}, Status=OK
2025-11-29 03:10:39,140 - INFO - Successfully inserted data into the database.
2025-11-29 04:21:47,855 - INFO - Starting ETL process...
2025-11-29 04:21:48,437 - INFO - Successfully fetched raw data: {'bank_selling': '4236', 'bank_buying': '4186'}
2025-11-29 04:21:48,438 - INFO - Data validation result: Prices={'bank_selling_price': 4236.0, 'bank_buying_price': 4186.0}, Status=OK
2025-11-29 04:21:48,444 - INFO - Successfully inserted data into the database.
2025-11-29 05:18:31,718 - INFO - Starting ETL process...
2025-11-29 05:18:32,788 - INFO - Successfully fetched raw data: {'bank_selling': '4236', 'bank_buying': '4186'}
2025-11-29 05:18:32,789 - INFO - Data validation result: Prices={'bank_selling_price': 4236.0, 'bank_buying_price': 4186.0}, Status=OK
2025-11-29 05:18:32,795 - INFO - Successfully inserted data into the database.
2025-11-29 06:27:03,128 - INFO - Starting ETL process...
2025-11-29 06:27:04,199 - INFO - Successfully fetched raw data: {'bank_selling': '4236', 'bank_buying': '4186'}
2025-11-29 06:27:04,199 - INFO - Data validation result: Prices={'bank_selling_price': 4236.0, 'bank_buying_price': 4186.0}, Status=OK
2025-11-29 06:27:04,206 - INFO - Successfully inserted data into the database.
2025-11-29 07:17:10,057 - INFO - Starting ETL process...
2025-11-29 07:17:11,544 - INFO - Successfully fetched raw data: {'bank_selling': '4236', 'bank_buying': '4186'}
2025-11-29 07:17:11,545 - INFO - Data validation result: Prices={'bank_selling_price': 4236.0, 'bank_buying_price': 4186.0}, Status=OK
2025-11-29 07:17:11,552 - INFO - Successfully inserted data into the database.
2025-11-29 08:23:42,899 - INFO - Starting ETL process...
2025-11-29 08:23:43,462 - INFO - Successfully fetched raw data: {'bank_selling': '4236', 'bank_buying': '4186'}
2025-11-29 08:23:43,463 - INFO - Data validation result: Prices={'bank_selling_price': 4236.0, 'bank_buying_price': 4186.0}, Status=OK
2025-11-29 08:23:43,484 - INFO - Successfully inserted data into the database.
2025-11-29 09:18:31,882 - INFO - Starting ETL process...
2025-11-29 09:18:32,763 - INFO - Successfully fetched raw data: {'bank_selling': '4236', 'bank_buying': '4186'}
2025-11-29 09:18:32,764 - INFO - Data validation result: Prices={'bank_selling_price': 4236.0, 'bank_buying_price': 4186.0}, Status=OK
2025-11-29 09:18:32,771 - INFO - Successfully inserted data into the database.
2025-11-29 10:18:37,177 - INFO - Starting ETL process...
2025-11-29 10:18:37,654 - INFO - Successfully fetched raw data: {'bank_selling': '4236', 'bank_buying': '4186'}
2025-11-29 10:18:37,654 - INFO - Data validation result: Prices={'bank_selling_price': 4236.0, 'bank_buying_price': 4186.0}, Status=OK
2025-11-29 10:18:37,657 - INFO - Successfully inserted data into the database.
2025-11-29 11:14:37,422 - INFO - Starting ETL process...
2025-11-29 11:14:37,900 - INFO - Successfully fetched raw data: {'bank_selling': '4236', 'bank_buying': '4186'}
2025-11-29 11:14:37,900 - INFO - Data validation result: Prices={'bank_selling_price': 4236.0, 'bank_buying_price': 4186.0}, Status=OK
2025-11-29 11:14:37,903 - INFO - Successfully inserted data into the database.
2025-11-29 12:35:26,144 - INFO - Starting ETL process...
2025-11-29 12:35:26,746 - INFO - Successfully fetched raw data: {'bank_selling': '4236', 'bank_buying': '4186'}
2025-11-29 12:35:26,746 - INFO - Data validation result: Prices={'bank_selling_price': 4236.0, 'bank_buying_price': 4186.0}, Status=OK
2025-11-29 12:35:26,752 - INFO - Successfully inserted data into the database.
2025-11-29 13:25:33,352 - INFO - Starting ETL process...
2025-11-29 13:25:33,828 - INFO - Successfully fetched raw data: {'bank_selling': '4236', 'bank_buying': '4186'}
2025-11-29 13:25:33,829 - INFO - Data validation result: Prices={'bank_selling_price': 4236.0, 'bank_buying_price': 4186.0}, Status=OK
2025-11-29 13:25:33,838 - INFO - Successfully inserted data into the database.
2025-11-29 14:16:14,054 - INFO - Starting ETL process...
2025-11-29 14:16:14,469 - INFO - Successfully fetched raw data: {'bank_selling': '4236', 'bank_buying': '4186'}
2025-11-29 14:16:14,469 - INFO - Data validation result: Prices={'bank_selling_price': 4236.0, 'bank_buying_price': 4186.0}, Status=OK
2025-11-29 14:16:14,475 - INFO - Successfully inserted data into the database.
2025-11-29 15:17:09,073 - INFO - Starting ETL process...
2025-11-29 15:17:09,753 - INFO - Successfully fetched raw data: {'bank_selling': '4236', 'bank_buying': '4186'}
2025-11-29 15:17:09,753 - INFO - Data validation result: Prices={'bank_selling_price': 4236.0, 'bank_buying_price': 4186.0}, Status=OK
2025-11-29 15:17:09,762 - INFO - Successfully inserted data into the database.
2025-11-29 16:21:41,580 - INFO - Starting ETL process...
2025-11-29 16:21:42,192 - INFO - Successfully fetched raw data: {'bank_selling': '4236', 'bank_buying': '4186'}
2025-11-29 16:21:42,192 - INFO - Data validation result: Prices={'bank_selling_price': 4236.0, 'bank_buying_price': 4186.0}, Status=OK
2025-11-29 16:21:42,195 - INFO - Successfully inserted data into the database.
2025-11-29 17:15:40,360 - INFO - Starting ETL process...
2025-11-29 17:15:40,918 - INFO - Successfully fetched raw data: {'bank_selling': '4236', 'bank_buying': '4186'}
2025-11-29 17:15:40,918 - INFO - Data validation result: Prices={'bank_selling_price': 4236.0, 'bank_buying_price': 4186.0}, Status=OK
2025-11-29 17:15:40,921 - INFO - Successfully inserted data into the database.
2025-11-29 18:25:22,793 - INFO - Starting ETL process...
2025-11-29 18:25:23,302 - INFO - Successfully fetched raw data: {'bank_selling': '4236', 'bank_buying': '4186'}
2025-11-29 18:25:23,303 - INFO - Data validation result: Prices={'bank_selling_price': 4236.0, 'bank_buying_price': 4186.0}, Status=OK
2025-11-29 18:25:23,310 - INFO - Successfully inserted data into the database.
2025-11-29 19:14:23,752 - INFO - Starting ETL process...
2025-11-29 19:14:24,393 - INFO - Successfully fetched raw data: {'bank_selling': '4236', 'bank_buying': '4186'}
2025-11-29 19:14:24,393 - INFO - Data validation result: Prices={'bank_selling_price': 4236.0, 'bank_buying_price': 4186.0}, Status=OK
2025-11-29 19:14:24,400 - INFO - Successfully inserted data into the database.
2025-11-29 20:20:05,366 - INFO - Starting ETL process...
2025-11-29 20:20:06,195 - INFO - Successfully fetched raw data: {'bank_selling': '4236', 'bank_buying': '4186'}
2025-11-29 20:20:06,195 - INFO - Data validation result: Prices={'bank_selling_price': 4236.0, 'bank_buying_price': 4186.0}, Status=OK
2025-11-29 20:20:06,203 - INFO - Successfully inserted data into the database.
2025-11-29 21:15:59,897 - INFO - Starting ETL process...
2025-11-29 21:16:00,672 - INFO - Successfully fetched raw data: {'bank_selling': '4236', 'bank_buying': '4186'}
2025-11-29 21:16:00,672 - INFO - Data validation result: Prices={'bank_selling_price': 4236.0, 'bank_buying_price': 4186.0}, Status=OK
2025-11-29 21:16:00,721 - INFO - Successfully inserted data into the database.
2025-11-29 22:17:20,852 - INFO - Starting ETL process...
2025-11-29 22:17:21,442 - INFO - Successfully fetched raw data: {'bank_selling': '4236', 'bank_buying': '4186'}
2025-11-29 22:17:21,442 - INFO - Data validation result: Prices={'bank_selling_price': 4236.0, 'bank_buying_price': 4186.0}, Status=OK
2025-11-29 22:17:21,449 - INFO - Successfully inserted data into the database.
2025-11-29 23:16:59,430 - INFO - Starting ETL process...
2025-11-29 23:16:59,838 - INFO - Successfully fetched raw data: {'bank_selling': '4236', 'bank_buying': '4186'}
2025-11-29 23:16:59,839 - INFO - Data validation result: Prices={'bank_selling_price': 4236.0, 'bank_buying_price': 4186.0}, Status=OK
2025-11-29 23:16:59,842 - INFO - Successfully inserted data into the database.
2025-11-30 01:41:38,527 - INFO - Starting ETL process...
2025-11-30 01:41:39,766 - INFO - Successfully fetched raw data: {'bank_selling': '4236', 'bank_buying': '4186'}
2025-11-30 01:41:39,766 - INFO - Data validation result: Prices={'bank_selling_price': 4236.0, 'bank_buying_price': 4186.0}, Status=OK
2025-11-30 01:41:39,776 - INFO - Successfully inserted data into the database.
2025-11-30 03:26:01,086 - INFO - Starting ETL process...
2025-11-30 03:26:01,526 - INFO - Successfully fetched raw data: {'bank_selling': '4236', 'bank_buying': '4186'}
2025-11-30 03:26:01,526 - INFO - Data validation result: Prices={'bank_selling_price': 4236.0, 'bank_buying_price': 4186.0}, Status=OK
2025-11-30 03:26:01,534 - INFO - Successfully inserted data into the database.
2025-11-30 04:32:48,341 - INFO - Starting ETL process...
2025-11-30 04:32:48,814 - INFO - Successfully fetched raw data: {'bank_selling': '4236', 'bank_buying': '4186'}
2025-11-30 04:32:48,814 - INFO - Data validation result: Prices={'bank_selling_price': 4236.0, 'bank_buying_price': 4186.0}, Status=OK
2025-11-30 04:32:48,821 - INFO - Successfully inserted data into the database.
2025-11-30 05:18:10,595 - INFO - Starting ETL process...
2025-11-30 05:18:10,978 - INFO - Successfully fetched raw data: {'bank_selling': '4236', 'bank_buying': '4186'}
2025-11-30 05:18:10,979 - INFO - Data validation result: Prices={'bank_selling_price': 4236.0, 'bank_buying_price': 4186.0}, Status=OK
2025-11-30 05:18:11,002 - INFO - Successfully inserted data into the database.
2025-11-30 06:28:00,646 - INFO - Starting ETL process...
2025-11-30 06:28:01,833 - INFO - Successfully fetched raw data: {'bank_selling': '4236', 'bank_buying': '4186'}
2025-11-30 06:28:01,833 - INFO - Data validation result: Prices={'bank_selling_price': 4236.0, 'bank_buying_price': 4186.0}, Status=OK
2025-11-30 06:28:01,836 - INFO - Successfully inserted data into the database.
2025-11-30 07:16:43,840 - INFO - Starting ETL process...
2025-11-30 07:16:44,340 - INFO - Successfully fetched raw data: {'bank_selling': '4236', 'bank_buying': '4186'}
2025-11-30 07:16:44,341 - INFO - Data validation result: Prices={'bank_selling_price': 4236.0, 'bank_buying_price': 4186.0}, Status=OK
2025-11-30 07:16:44,344 - INFO - Successfully inserted data into the database.
2025-11-30 08:22:28,708 - INFO - Starting ETL process...
2025-11-30 08:22:30,252 - INFO - Successfully fetched raw data: {'bank_selling': '4236', 'bank_buying': '4186'}
2025-11-30 08:22:30,252 - INFO - Data validation result: Prices={'bank_selling_price': 4236.0, 'bank_buying_price': 4186.0}, Status=OK
2025-11-30 08:22:30,255 - INFO - Successfully inserted data into the database.
2025-11-30 09:17:58,711 - INFO - Starting ETL process...
2025-11-30 09:17:59,263 - INFO - Successfully fetched raw data: {'bank_selling': '4236', 'bank_buying': '4186'}
2025-11-30 09:17:59,264 - INFO - Data validation result: Prices={'bank_selling_price': 4236.0, 'bank_buying_price': 4186.0}, Status=OK
2025-11-30 09:17:59,275 - INFO - Successfully inserted data into the database.
2025-11-30 10:18:06,238 - INFO - Starting ETL process...
2025-11-30 10:18:06,660 - INFO - Successfully fetched raw data: {'bank_selling': '4236', 'bank_buying': '4186'}
2025-11-30 10:18:06,660 - INFO - Data validation result: Prices={'bank_selling_price': 4236.0, 'bank_buying_price': 4186.0}, Status=OK
2025-11-30 10:18:06,700 - INFO - Successfully inserted data into the database.
2025-11-30 11:14:32,007 - INFO - Starting ETL process...
2025-11-30 11:14:32,946 - INFO - Successfully fetched raw data: {'bank_selling': '4236', 'bank_buying': '4186'}
2025-11-30 11:14:32,946 - INFO - Data validation result: Prices={'bank_selling_price': 4236.0, 'bank_buying_price': 4186.0}, Status=OK
2025-11-30 11:14:32,949 - INFO - Successfully inserted data into the database.
2025-11-30 12:34:55,827 - INFO - Starting ETL process...
2025-11-30 12:34:56,185 - INFO - Successfully fetched raw data: {'bank_selling': '4236', 'bank_buying': '4186'}
2025-11-30 12:34:56,185 - INFO - Data validation result: Prices={'bank_selling_price': 4236.0, 'bank_buying_price': 4186.0}, Status=OK
2025-11-30 12:34:56,191 - INFO - Successfully inserted data into the database.
2025-11-30 13:25:06,935 - INFO - Starting ETL process...
2025-11-30 13:25:07,370 - INFO - Successfully fetched raw data: {'bank_selling': '4236', 'bank_buying': '4186'}
2025-11-30 13:25:07,370 - INFO - Data validation result: Prices={'bank_selling_price': 4236.0, 'bank_buying_price': 4186.0}, Status=OK
2025-11-30 13:25:07,373 - INFO - Successfully inserted data into the database.
2025-11-30 14:16:27,837 - INFO - Starting ETL process...
2025-11-30 14:16:28,565 - INFO - Successfully fetched raw data: {'bank_selling': '4236', 'bank_buying': '4186'}
2025-11-30 14:16:28,565 - INFO - Data validation result: Prices={'bank_selling_price': 4236.0, 'bank_buying_price': 4186.0}, Status=OK
2025-11-30 14:16:28,573 - INFO - Successfully inserted data into the database.
2025-11-30 15:17:13,484 - INFO - Starting ETL process...
2025-11-30 15:17:14,012 - INFO - Successfully fetched raw data: {'bank_selling': '4236', 'bank_buying': '4186'}
2025-11-30 15:17:14,013 - INFO - Data validation result: Prices={'bank_selling_price': 4236.0, 'bank_buying_price': 4186.0}, Status=OK
2025-11-30 15:17:14,016 - INFO - Successfully inserted data into the database.
2025-11-30 16:21:18,022 - INFO - Starting ETL process...
2025-11-30 16:21:18,490 - INFO - Successfully fetched raw data: {'bank_selling': '4236', 'bank_buying': '4186'}
2025-11-30 16:21:18,491 - INFO - Data validation result: Prices={'bank_selling_price': 4236.0, 'bank_buying_price': 4186.0}, Status=OK
2025-11-30 16:21:18,498 - INFO - Successfully inserted data into the database.
2025-11-30 17:15:38,809 - INFO - Starting ETL process...
2025-11-30 17:15:39,893 - INFO - Successfully fetched raw data: {'bank_selling': '4236', 'bank_buying': '4186'}
2025-11-30 17:15:39,893 - INFO - Data validation result: Prices={'bank_selling_price': 4236.0, 'bank_buying_price': 4186.0}, Status=OK
2025-11-30 17:15:39,902 - INFO - Successfully inserted data into the database.
2025-11-30 18:24:55,983 - INFO - Starting ETL process...
2025-11-30 18:24:56,434 - INFO - Successfully fetched raw data: {'bank_selling': '4236', 'bank_buying': '4186'}
2025-11-30 18:24:56,434 - INFO - Data validation result: Prices={'bank_selling_price': 4236.0, 'bank_buying_price': 4186.0}, Status=OK
2025-11-30 18:24:56,437 - INFO - Successfully inserted data into the database.
2025-11-30 19:14:47,163 - INFO - Starting ETL process...
2025-11-30 19:14:47,664 - INFO - Successfully fetched raw data: {'bank_selling': '4236', 'bank_buying': '4186'}
2025-11-30 19:14:47,665 - INFO - Data validation result: Prices={'bank_selling_price': 4236.0, 'bank_buying_price': 4186.0}, Status=OK
2025-11-30 19:14:47,668 - INFO - Successfully inserted data into the database.
2025-11-30 20:19:58,524 - INFO - Starting ETL process...
2025-11-30 20:19:58,944 - INFO - Successfully fetched raw data: {'bank_selling': '4236', 'bank_buying': '4186'}
2025-11-30 20:19:58,944 - INFO - Data validation result: Prices={'bank_selling_price': 4236.0, 'bank_buying_price': 4186.0}, Status=OK
2025-11-30 20:19:58,958 - INFO - Successfully inserted data into the database.
2025-11-30 21:16:05,748 - INFO - Starting ETL process...
2025-11-30 21:16:06,229 - INFO - Successfully fetched raw data: {'bank_selling': '4236', 'bank_buying': '4186'}
2025-11-30 21:16:06,230 - INFO - Data validation result: Prices={'bank_selling_price': 4236.0, 'bank_buying_price': 4186.0}, Status=OK
2025-11-30 21:16:06,232 - INFO - Successfully inserted data into the database.
2025-11-30 22:17:28,609 - INFO - Starting ETL process...
2025-11-30 22:17:29,217 - INFO - Successfully fetched raw data: {'bank_selling': '4236', 'bank_buying': '4186'}
2025-11-30 22:17:29,217 - INFO - Data validation result: Prices={'bank_selling_price': 4236.0, 'bank_buying_price': 4186.0}, Status=OK
2025-11-30 22:17:29,224 - INFO - Successfully inserted data into the database.
2025-11-30 23:16:58,635 - INFO - Starting ETL process...
2025-11-30 23:16:59,449 - INFO - Successfully fetched raw data: {'bank_selling': '4236', 'bank_buying': '4186'}
2025-11-30 23:16:59,449 - INFO - Data validation result: Prices={'bank_selling_price': 4236.0, 'bank_buying_price': 4186.0}, Status=OK
2025-11-30 23:16:59,456 - INFO - Successfully inserted data into the database.
2025-12-01 01:48:33,214 - INFO - Starting ETL process...
2025-12-01 01:48:34,011 - INFO - Successfully fetched raw data: {'bank_selling': '4296', 'bank_buying': '4249'}
2025-12-01 01:48:34,011 - INFO - Data validation result: Prices={'bank_selling_price': 4296.0, 'bank_buying_price': 4249.0}, Status=OK
2025-12-01 01:48:34,015 - INFO - Successfully inserted data into the database.
2025-12-01 03:50:12,326 - INFO - Starting ETL process...
2025-12-01 03:50:14,047 - INFO - Successfully fetched raw data: {'bank_selling': '4304', 'bank_buying': '4257'}
2025-12-01 03:50:14,048 - INFO - Data validation result: Prices={'bank_selling_price': 4304.0, 'bank_buying_price': 4257.0}, Status=OK
2025-12-01 03:50:14,055 - INFO - Successfully inserted data into the database.
2025-12-01 04:48:39,292 - INFO - Starting ETL process...
2025-12-01 04:48:40,153 - INFO - Successfully fetched raw data: {'bank_selling': '4306', 'bank_buying': '4259'}
2025-12-01 04:48:40,154 - INFO - Data validation result: Prices={'bank_selling_price': 4306.0, 'bank_buying_price': 4259.0}, Status=OK
2025-12-01 04:48:40,156 - INFO - Successfully inserted data into the database.
2025-12-01 05:27:00,182 - INFO - Starting ETL process...
2025-12-01 05:27:01,182 - INFO - Successfully fetched raw data: {'bank_selling': '4302', 'bank_buying': '4255'}
2025-12-01 05:27:01,183 - INFO - Data validation result: Prices={'bank_selling_price': 4302.0, 'bank_buying_price': 4255.0}, Status=OK
2025-12-01 05:27:01,189 - INFO - Successfully inserted data into the database.
2025-12-01 06:31:57,011 - INFO - Starting ETL process...
2025-12-01 06:31:57,959 - INFO - Successfully fetched raw data: {'bank_selling': '4301', 'bank_buying': '4254'}
2025-12-01 06:31:57,959 - INFO - Data validation result: Prices={'bank_selling_price': 4301.0, 'bank_buying_price': 4254.0}, Status=OK
2025-12-01 06:31:57,966 - INFO - Successfully inserted data into the database.
2025-12-01 07:22:03,939 - INFO - Starting ETL process...
2025-12-01 07:22:04,710 - INFO - Successfully fetched raw data: {'bank_selling': '4308', 'bank_buying': '4261'}
2025-12-01 07:22:04,710 - INFO - Data validation result: Prices={'bank_selling_price': 4308.0, 'bank_buying_price': 4261.0}, Status=OK
2025-12-01 07:22:04,714 - INFO - Successfully inserted data into the database.
2025-12-01 08:29:53,911 - INFO - Starting ETL process...
2025-12-01 08:29:55,143 - INFO - Successfully fetched raw data: {'bank_selling': '4320', 'bank_buying': '4268'}
2025-12-01 08:29:55,143 - INFO - Data validation result: Prices={'bank_selling_price': 4320.0, 'bank_buying_price': 4268.0}, Status=OK
2025-12-01 08:29:55,146 - INFO - Successfully inserted data into the database.
